This is pdfTeX, Version 3.141592653-2.6-1.40.28 (MiKTeX 25.12) (preloaded format=pdflatex 2026.3.24)  3 JUN 2026 23:03
entering extended mode
 restricted \write18 enabled.
 file:line:error style messages enabled.
 %&-line parsing enabled.
**"d:/sql-injection-waf/paper - def/main.tex"
(d:/sql-injection-waf/paper - def/main.tex
LaTeX2e <2025-11-01>
L3 programming layer <2025-12-24>
(D:\New folder\tex/latex/ieeetran\IEEEtran.cls
Document Class: IEEEtran 2015/08/26 V1.8b by Michael Shell
-- See the "IEEEtran_HOWTO" manual for usage information.
-- http://www.michaelshell.org/tex/ieeetran/
\@IEEEtrantmpdimenA=\dimen148
\@IEEEtrantmpdimenB=\dimen149
\@IEEEtrantmpdimenC=\dimen150
\@IEEEtrantmpcountA=\count275
\@IEEEtrantmpcountB=\count276
\@IEEEtrantmpcountC=\count277
\@IEEEtrantmptoksA=\toks17
LaTeX Font Info:    Trying to load font information for OT1+ptm on input line 503.
(D:\New folder\tex/latex/psnfss\ot1ptm.fd
File: ot1ptm.fd 2001/06/04 font definitions for OT1/ptm.
)
-- Using 8.5in x 11in (letter) paper.
-- Using PDF output.
\@IEEEnormalsizeunitybaselineskip=\dimen151
-- This is a 10 point document.
LaTeX Encoding Info:    Redeclaring text command \textunderscore (encoding ?) on input line 937.
\CLASSINFOnormalsizebaselineskip=\dimen152
\CLASSINFOnormalsizeunitybaselineskip=\dimen153
\IEEEnormaljot=\dimen154
LaTeX Font Info:    Font shape `OT1/ptm/bx/n' in size <5> not available
(Font)              Font shape `OT1/ptm/b/n' tried instead on input line 1090.
LaTeX Font Info:    Font shape `OT1/ptm/bx/it' in size <5> not available
(Font)              Font shape `OT1/ptm/b/it' tried instead on input line 1090.
LaTeX Font Info:    Font shape `OT1/ptm/bx/n' in size <7> not available
(Font)              Font shape `OT1/ptm/b/n' tried instead on input line 1090.
LaTeX Font Info:    Font shape `OT1/ptm/bx/it' in size <7> not available
(Font)              Font shape `OT1/ptm/b/it' tried instead on input line 1090.
LaTeX Font Info:    Font shape `OT1/ptm/bx/n' in size <8> not available
(Font)              Font shape `OT1/ptm/b/n' tried instead on input line 1090.
LaTeX Font Info:    Font shape `OT1/ptm/bx/it' in size <8> not available
(Font)              Font shape `OT1/ptm/b/it' tried instead on input line 1090.
LaTeX Font Info:    Font shape `OT1/ptm/bx/n' in size <9> not available
(Font)              Font shape `OT1/ptm/b/n' tried instead on input line 1090.
LaTeX Font Info:    Font shape `OT1/ptm/bx/it' in size <9> not available
(Font)              Font shape `OT1/ptm/b/it' tried instead on input line 1090.
LaTeX Font Info:    Font shape `OT1/ptm/bx/n' in size <10> not available
(Font)              Font shape `OT1/ptm/b/n' tried instead on input line 1090.
LaTeX Font Info:    Font shape `OT1/ptm/bx/it' in size <10> not available
(Font)              Font shape `OT1/ptm/b/it' tried instead on input line 1090.
LaTeX Font Info:    Font shape `OT1/ptm/bx/n' in size <11> not available
(Font)              Font shape `OT1/ptm/b/n' tried instead on input line 1090.
LaTeX Font Info:    Font shape `OT1/ptm/bx/it' in size <11> not available
(Font)              Font shape `OT1/ptm/b/it' tried instead on input line 1090.
LaTeX Font Info:    Font shape `OT1/ptm/bx/n' in size <12> not available
(Font)              Font shape `OT1/ptm/b/n' tried instead on input line 1090.
LaTeX Font Info:    Font shape `OT1/ptm/bx/it' in size <12> not available
(Font)              Font shape `OT1/ptm/b/it' tried instead on input line 1090.
LaTeX Font Info:    Font shape `OT1/ptm/bx/n' in size <17> not available
(Font)              Font shape `OT1/ptm/b/n' tried instead on input line 1090.
LaTeX Font Info:    Font shape `OT1/ptm/bx/it' in size <17> not available
(Font)              Font shape `OT1/ptm/b/it' tried instead on input line 1090.
LaTeX Font Info:    Font shape `OT1/ptm/bx/n' in size <20> not available
(Font)              Font shape `OT1/ptm/b/n' tried instead on input line 1090.
LaTeX Font Info:    Font shape `OT1/ptm/bx/it' in size <20> not available
(Font)              Font shape `OT1/ptm/b/it' tried instead on input line 1090.
LaTeX Font Info:    Font shape `OT1/ptm/bx/n' in size <24> not available
(Font)              Font shape `OT1/ptm/b/n' tried instead on input line 1090.
LaTeX Font Info:    Font shape `OT1/ptm/bx/it' in size <24> not available
(Font)              Font shape `OT1/ptm/b/it' tried instead on input line 1090.
\IEEEquantizedlength=\dimen155
\IEEEquantizedlengthdiff=\dimen156
\IEEEquantizedtextheightdiff=\dimen157
\IEEEilabelindentA=\dimen158
\IEEEilabelindentB=\dimen159
\IEEEilabelindent=\dimen160
\IEEEelabelindent=\dimen161
\IEEEdlabelindent=\dimen162
\IEEElabelindent=\dimen163
\IEEEiednormlabelsep=\dimen164
\IEEEiedmathlabelsep=\dimen165
\IEEEiedtopsep=\skip49
\c@section=\count278
\c@subsection=\count279
\c@subsubsection=\count280
\c@paragraph=\count281
\c@IEEEsubequation=\count282
\abovecaptionskip=\skip50
\belowcaptionskip=\skip51
\c@figure=\count283
\c@table=\count284
\@IEEEeqnnumcols=\count285
\@IEEEeqncolcnt=\count286
\@IEEEsubeqnnumrollback=\count287
\@IEEEquantizeheightA=\dimen166
\@IEEEquantizeheightB=\dimen167
\@IEEEquantizeheightC=\dimen168
\@IEEEquantizeprevdepth=\dimen169
\@IEEEquantizemultiple=\count288
\@IEEEquantizeboxA=\box53
\@IEEEtmpitemindent=\dimen170
\IEEEPARstartletwidth=\dimen171
\c@IEEEbiography=\count289
\@IEEEtranrubishbin=\box54
)
** ATTENTION: Overriding command lockouts (line 2).
(D:\New folder\tex/latex/cite\cite.sty
LaTeX Info: Redefining \cite on input line 302.
LaTeX Info: Redefining \nocite on input line 332.
Package: cite 2015/02/27  v 5.5
) (D:\New folder\tex/latex/amsmath\amsmath.sty
Package: amsmath 2025/07/09 v2.17z AMS math features
\@mathmargin=\skip52

For additional information on amsmath, use the `?' option.
(D:\New folder\tex/latex/amsmath\amstext.sty
Package: amstext 2024/11/17 v2.01 AMS text
 (D:\New folder\tex/latex/amsmath\amsgen.sty
File: amsgen.sty 1999/11/30 v2.0 generic functions
\@emptytoks=\toks18
\ex@=\dimen172
)) (D:\New folder\tex/latex/amsmath\amsbsy.sty
Package: amsbsy 1999/11/29 v1.2d Bold Symbols
\pmbraise@=\dimen173
) (D:\New folder\tex/latex/amsmath\amsopn.sty
Package: amsopn 2022/04/08 v2.04 operator names
)
\inf@bad=\count290
LaTeX Info: Redefining \frac on input line 233.
\uproot@=\count291
\leftroot@=\count292
LaTeX Info: Redefining \overline on input line 398.
LaTeX Info: Redefining \colon on input line 409.
\classnum@=\count293
\DOTSCASE@=\count294
LaTeX Info: Redefining \ldots on input line 495.
LaTeX Info: Redefining \dots on input line 498.
LaTeX Info: Redefining \cdots on input line 619.
\Mathstrutbox@=\box55
\strutbox@=\box56
LaTeX Info: Redefining \big on input line 721.
LaTeX Info: Redefining \Big on input line 722.
LaTeX Info: Redefining \bigg on input line 723.
LaTeX Info: Redefining \Bigg on input line 724.
\big@size=\dimen174
LaTeX Font Info:    Redeclaring font encoding OML on input line 742.
LaTeX Font Info:    Redeclaring font encoding OMS on input line 743.
\macc@depth=\count295
LaTeX Info: Redefining \bmod on input line 904.
LaTeX Info: Redefining \pmod on input line 909.
LaTeX Info: Redefining \smash on input line 939.
LaTeX Info: Redefining \relbar on input line 969.
LaTeX Info: Redefining \Relbar on input line 970.
\c@MaxMatrixCols=\count296
\dotsspace@=\muskip17
\c@parentequation=\count297
\dspbrk@lvl=\count298
\tag@help=\toks19
\row@=\count299
\column@=\count300
\maxfields@=\count301
\andhelp@=\toks20
\eqnshift@=\dimen175
\alignsep@=\dimen176
\tagshift@=\dimen177
\tagwidth@=\dimen178
\totwidth@=\dimen179
\lineht@=\dimen180
\@envbody=\toks21
\multlinegap=\skip53
\multlinetaggap=\skip54
\mathdisplay@stack=\toks22
LaTeX Info: Redefining \[ on input line 2950.
LaTeX Info: Redefining \] on input line 2951.
) (D:\New folder\tex/latex/amsfonts\amssymb.sty
Package: amssymb 2013/01/14 v3.01 AMS font symbols
 (D:\New folder\tex/latex/amsfonts\amsfonts.sty
Package: amsfonts 2013/01/14 v3.01 Basic AMSFonts support
\symAMSa=\mathgroup4
\symAMSb=\mathgroup5
LaTeX Font Info:    Redeclaring math symbol \hbar on input line 98.
LaTeX Font Info:    Overwriting math alphabet `\mathfrak' in version `bold'
(Font)                  U/euf/m/n --> U/euf/b/n on input line 106.
)) (D:\New folder\tex/latex/graphics\graphicx.sty
Package: graphicx 2024/12/31 v1.2e Enhanced LaTeX Graphics (DPC,SPQR)
 (D:\New folder\tex/latex/graphics\keyval.sty
Package: keyval 2022/05/29 v1.15 key=value parser (DPC)
\KV@toks@=\toks23
) (D:\New folder\tex/latex/graphics\graphics.sty
Package: graphics 2024/08/06 v1.4g Standard LaTeX Graphics (DPC,SPQR)
 (D:\New folder\tex/latex/graphics\trig.sty
Package: trig 2023/12/02 v1.11 sin cos tan (DPC)
) (D:\New folder\tex/latex/graphics-cfg\graphics.cfg
File: graphics.cfg 2016/06/04 v1.11 sample graphics configuration
)
Package graphics Info: Driver file: pdftex.def on input line 106.
 (D:\New folder\tex/latex/graphics-def\pdftex.def
File: pdftex.def 2025/09/29 v1.2d Graphics/color driver for pdftex
))
\Gin@req@height=\dimen181
\Gin@req@width=\dimen182
) (D:\New folder\tex/latex/base\textcomp.sty
Package: textcomp 2024/04/24 v2.1b Standard LaTeX package
) (D:\New folder\tex/latex/xcolor\xcolor.sty
Package: xcolor 2024/09/29 v3.02 LaTeX color extensions (UK)
 (D:\New folder\tex/latex/graphics-cfg\color.cfg
File: color.cfg 2016/01/02 v1.6 sample color configuration
)
Package xcolor Info: Driver file: pdftex.def on input line 274.
 (D:\New folder\tex/latex/graphics\mathcolor.ltx)
Package xcolor Info: Model `cmy' substituted by `cmy0' on input line 1349.
Package xcolor Info: Model `hsb' substituted by `rgb' on input line 1353.
Package xcolor Info: Model `RGB' extended on input line 1365.
Package xcolor Info: Model `HTML' substituted by `rgb' on input line 1367.
Package xcolor Info: Model `Hsb' substituted by `hsb' on input line 1368.
Package xcolor Info: Model `tHsb' substituted by `hsb' on input line 1369.
Package xcolor Info: Model `HSB' substituted by `hsb' on input line 1370.
Package xcolor Info: Model `Gray' substituted by `gray' on input line 1371.
Package xcolor Info: Model `wave' substituted by `hsb' on input line 1372.
) (D:\New folder\tex/latex/booktabs\booktabs.sty
Package: booktabs 2020/01/12 v1.61803398 Publication quality tables
\heavyrulewidth=\dimen183
\lightrulewidth=\dimen184
\cmidrulewidth=\dimen185
\belowrulesep=\dimen186
\belowbottomsep=\dimen187
\aboverulesep=\dimen188
\abovetopsep=\dimen189
\cmidrulesep=\dimen190
\cmidrulekern=\dimen191
\defaultaddspace=\dimen192
\@cmidla=\count302
\@cmidlb=\count303
\@aboverulesep=\dimen193
\@belowrulesep=\dimen194
\@thisruleclass=\count304
\@lastruleclass=\count305
\@thisrulewidth=\dimen195
) (D:\New folder\tex/latex/url\url.sty
\Urlmuskip=\muskip18
Package: url 2013/09/16  ver 3.4  Verb mode for urls, etc.
) (D:\New folder\tex/latex/needspace\needspace.sty
Package: needspace 2025/03/13 v1.3e reserve vertical space
) (D:\New folder\tex/latex/hyperref\hyperref.sty
Package: hyperref 2025-07-12 v7.01o Hypertext links for LaTeX
 (D:\New folder\tex/generic/iftex\iftex.sty
Package: iftex 2024/12/12 v1.0g TeX engine tests
) (D:\New folder\tex/latex/kvsetkeys\kvsetkeys.sty
Package: kvsetkeys 2022-10-05 v1.19 Key value parser (HO)
) (D:\New folder\tex/generic/kvdefinekeys\kvdefinekeys.sty
Package: kvdefinekeys 2019-12-19 v1.6 Define keys (HO)
) (D:\New folder\tex/generic/pdfescape\pdfescape.sty
Package: pdfescape 2019/12/09 v1.15 Implements pdfTeX's escape features (HO)
 (D:\New folder\tex/generic/ltxcmds\ltxcmds.sty
Package: ltxcmds 2023-12-04 v1.26 LaTeX kernel commands for general use (HO)
) (D:\New folder\tex/generic/pdftexcmds\pdftexcmds.sty
Package: pdftexcmds 2020-06-27 v0.33 Utility functions of pdfTeX for LuaTeX (HO)
 (D:\New folder\tex/generic/infwarerr\infwarerr.sty
Package: infwarerr 2019/12/03 v1.5 Providing info/warning/error messages (HO)
)
Package pdftexcmds Info: \pdf@primitive is available.
Package pdftexcmds Info: \pdf@ifprimitive is available.
Package pdftexcmds Info: \pdfdraftmode found.
)) (D:\New folder\tex/latex/hycolor\hycolor.sty
Package: hycolor 2020-01-27 v1.10 Color options for hyperref/bookmark (HO)
) (D:\New folder\tex/latex/hyperref\nameref.sty
Package: nameref 2025-06-21 v2.57 Cross-referencing by name of section
 (D:\New folder\tex/latex/refcount\refcount.sty
Package: refcount 2019/12/15 v3.6 Data extraction from label references (HO)
) (D:\New folder\tex/generic/gettitlestring\gettitlestring.sty
Package: gettitlestring 2019/12/15 v1.6 Cleanup title references (HO)
 (D:\New folder\tex/latex/kvoptions\kvoptions.sty
Package: kvoptions 2022-06-15 v3.15 Key value format for package options (HO)
))
\c@section@level=\count306
) (D:\New folder\tex/latex/etoolbox\etoolbox.sty
Package: etoolbox 2025/10/02 v2.5m e-TeX tools for LaTeX (JAW)
\etb@tempcnta=\count307
) (D:\New folder\tex/generic/stringenc\stringenc.sty
Package: stringenc 2019/11/29 v1.12 Convert strings between diff. encodings (HO)
)
\@linkdim=\dimen196
\Hy@linkcounter=\count308
\Hy@pagecounter=\count309
 (D:\New folder\tex/latex/hyperref\pd1enc.def
File: pd1enc.def 2025-07-12 v7.01o Hyperref: PDFDocEncoding definition (HO)
Now handling font encoding PD1 ...
... no UTF-8 mapping file for font encoding PD1
) (D:\New folder\tex/generic/intcalc\intcalc.sty
Package: intcalc 2019/12/15 v1.3 Expandable calculations with integers (HO)
)
\Hy@SavedSpaceFactor=\count310
 (D:\New folder\tex/latex/hyperref\puenc.def
File: puenc.def 2025-07-12 v7.01o Hyperref: PDF Unicode definition (HO)
Now handling font encoding PU ...
... no UTF-8 mapping file for font encoding PU
)
Package hyperref Info: Option `colorlinks' set `true' on input line 4066.
Package hyperref Info: Hyper figures OFF on input line 4195.
Package hyperref Info: Link nesting OFF on input line 4200.
Package hyperref Info: Hyper index ON on input line 4203.
Package hyperref Info: Plain pages OFF on input line 4210.
Package hyperref Info: Backreferencing OFF on input line 4215.
Package hyperref Info: Implicit mode ON; LaTeX internals redefined.
Package hyperref Info: Bookmarks ON on input line 4462.
\c@Hy@tempcnt=\count311
LaTeX Info: Redefining \url on input line 4801.
\XeTeXLinkMargin=\dimen197
 (D:\New folder\tex/generic/bitset\bitset.sty
Package: bitset 2019/12/09 v1.3 Handle bit-vector datatype (HO)
 (D:\New folder\tex/generic/bigintcalc\bigintcalc.sty
Package: bigintcalc 2019/12/15 v1.5 Expandable calculations on big integers (HO)
))
\Fld@menulength=\count312
\Field@Width=\dimen198
\Fld@charsize=\dimen199
Package hyperref Info: Hyper figures OFF on input line 6078.
Package hyperref Info: Link nesting OFF on input line 6083.
Package hyperref Info: Hyper index ON on input line 6086.
Package hyperref Info: backreferencing OFF on input line 6093.
Package hyperref Info: Link coloring ON on input line 6096.
Package hyperref Info: Link coloring with OCG OFF on input line 6103.
Package hyperref Info: PDF/A mode OFF on input line 6108.
\Hy@abspage=\count313
\c@Item=\count314
\c@Hfootnote=\count315
)
Package hyperref Info: Driver (autodetected): hpdftex.
 (D:\New folder\tex/latex/hyperref\hpdftex.def
File: hpdftex.def 2025-07-12 v7.01o Hyperref driver for pdfTeX
\Fld@listcount=\count316
\c@bookmark@seq@number=\count317
 (D:\New folder\tex/latex/rerunfilecheck\rerunfilecheck.sty
Package: rerunfilecheck 2025-06-21 v1.11 Rerun checks for auxiliary files (HO)
 (D:\New folder\tex/generic/uniquecounter\uniquecounter.sty
Package: uniquecounter 2019/12/15 v1.4 Provide unlimited unique counter (HO)
)
Package uniquecounter Info: New unique counter `rerunfilecheck' on input line 284.
)
\Hy@SectionHShift=\skip55
) (D:\New folder\tex/latex/l3backend\l3backend-pdftex.def
File: l3backend-pdftex.def 2025-10-09 L3 backend support: PDF output (pdfTeX)
\l__color_backend_stack_int=\count318
) (main.aux)
\openout1 = `main.aux'.

LaTeX Font Info:    Checking defaults for OML/cmm/m/it on input line 22.
LaTeX Font Info:    ... okay on input line 22.
LaTeX Font Info:    Checking defaults for OMS/cmsy/m/n on input line 22.
LaTeX Font Info:    ... okay on input line 22.
LaTeX Font Info:    Checking defaults for OT1/cmr/m/n on input line 22.
LaTeX Font Info:    ... okay on input line 22.
LaTeX Font Info:    Checking defaults for T1/cmr/m/n on input line 22.
LaTeX Font Info:    ... okay on input line 22.
LaTeX Font Info:    Checking defaults for TS1/cmr/m/n on input line 22.
LaTeX Font Info:    ... okay on input line 22.
LaTeX Font Info:    Checking defaults for OMX/cmex/m/n on input line 22.
LaTeX Font Info:    ... okay on input line 22.
LaTeX Font Info:    Checking defaults for U/cmr/m/n on input line 22.
LaTeX Font Info:    ... okay on input line 22.
LaTeX Font Info:    Checking defaults for PD1/pdf/m/n on input line 22.
LaTeX Font Info:    ... okay on input line 22.
LaTeX Font Info:    Checking defaults for PU/pdf/m/n on input line 22.
LaTeX Font Info:    ... okay on input line 22.

-- Lines per column: 56 (exact).
(D:\New folder\tex/context/base/mkii\supp-pdf.mkii
[Loading MPS to PDF converter (version 2006.09.02).]
\scratchcounter=\count319
\scratchdimen=\dimen256
\scratchbox=\box57
\nofMPsegments=\count320
\nofMParguments=\count321
\everyMPshowfont=\toks24
\MPscratchCnt=\count322
\MPscratchDim=\dimen257
\MPnumerator=\count323
\makeMPintoPDFobject=\count324
\everyMPtoPDFconversion=\toks25
) (D:\New folder\tex/latex/epstopdf-pkg\epstopdf-base.sty
Package: epstopdf-base 2020-01-24 v2.11 Base part for package epstopdf
Package epstopdf-base Info: Redefining graphics rule for `.eps' on input line 485.
 (D:\New folder\tex/latex/00miktex\epstopdf-sys.cfg
File: epstopdf-sys.cfg 2021/03/18 v2.0 Configuration of epstopdf for MiKTeX
))
Package hyperref Info: Link coloring ON on input line 22.
 (main.out) (main.out)
\@outlinefile=\write3
\openout3 = `main.out'.

 (sections/abstract.tex
LaTeX Font Info:    Trying to load font information for OT1+pcr on input line 4.
 (D:\New folder\tex/latex/psnfss\ot1pcr.fd
File: ot1pcr.fd 2001/06/04 font definitions for OT1/pcr.
)
LaTeX Font Info:    Trying to load font information for U+msa on input line 4.
 (D:\New folder\tex/latex/amsfonts\umsa.fd
File: umsa.fd 2013/01/14 v3.01 AMS symbols A
)
LaTeX Font Info:    Trying to load font information for U+msb on input line 4.
 (D:\New folder\tex/latex/amsfonts\umsb.fd
File: umsb.fd 2013/01/14 v3.01 AMS symbols B
)) (sections/keywords.tex) (sections/introduction.tex
Underfull \vbox (badness 10000) has occurred while \output is active []


Underfull \hbox (badness 2865) in paragraph at lines 7--8
[]\OT1/ptm/m/n/10 SQLi eva-sion ex-ploits at least two mech-a-nisms: (i)
 []

[1{C:/Users/codun/AppData/Local/MiKTeX/fonts/map/pdftex/pdftex.map}{D:/New folder/fonts/enc/dvips/base/8r.enc}


]
Underfull \hbox (badness 1708) in paragraph at lines 10--11
 \OT1/ptm/m/it/10 1) Mutation-Aware Cov-er-age Gaps: [][][] \OT1/ptm/m/n/10 Prior work treats
 []


Underfull \hbox (badness 10000) in paragraph at lines 13--14
 \OT1/ptm/m/it/10 2) Discrepancy-Aware De-fense Sur-faces: [][][] \OT1/ptm/m/n/10 WAF-FLED
 []


Underfull \hbox (badness 10000) in paragraph at lines 26--27
[]\OT1/ptm/b/n/10 Empirical cov-er-age char-ac-ter-i-za-tion. \OT1/ptm/m/n/10 On the
 []


Underfull \hbox (badness 10000) in paragraph at lines 26--27
\OT1/ptm/m/n/10 archived AWS WAF lab run sum-ma-rized in
 []


Underfull \hbox (badness 10000) in paragraph at lines 26--27
\OT1/pcr/m/n/10 aws_probe_summary.json \OT1/ptm/m/n/10 ($\OML/cmm/m/it/10 N[]\OT1/cmr/m/n/10 5[]000$ \OT1/ptm/m/n/10 vari-ants
 []

) (sections/background.tex
Overfull \hbox (6.79999pt too wide) in paragraph at lines 7--8
 [][] 
 []

[2]) (sections/methodology.tex
Underfull \hbox (badness 10000) in paragraph at lines 3--4
\OT1/ptm/m/n/10 threat scope, staged mu-ta-tion gen-er-a-tion, HTTP
 []


Underfull \hbox (badness 10000) in paragraph at lines 3--4
\OT1/ptm/m/n/10 prob-ing, out-come la-bel-ing, and quan-ti-ta-tive cov-er-age
 []


Underfull \hbox (badness 8151) in paragraph at lines 3--4
\OT1/ptm/m/n/10 met-rics. Ar-ti-facts re-side un-der \OT1/pcr/m/n/10 paper/experiment\OT1/ptm/m/n/10 ,
 []


Underfull \hbox (badness 10000) in paragraph at lines 3--4
\OT1/ptm/m/n/10 in-clud-ing \OT1/pcr/m/n/10 ml-waf-aws-test \OT1/ptm/m/n/10 (live prob-ing), shared
 []


Underfull \hbox (badness 10000) in paragraph at lines 3--4
\OT1/ptm/m/n/10 (\OT1/pcr/m/n/10 ml-waf-blocked-adv\OT1/ptm/m/n/10 ), of-fline sur-ro-gate scor-ing
 []


Underfull \hbox (badness 4084) in paragraph at lines 14--15
[]\OT1/ptm/m/n/10 We at-tached the ACL to an EC2 in-stance named
 []

[3]
Overfull \hbox (6.79999pt too wide) in paragraph at lines 34--35
 [][] 
 []


Underfull \hbox (badness 4927) in paragraph at lines 46--47
 \OT1/ptm/m/it/10 2) De-ploy-ment Aug-men-ta-tions and Learned Rules: [][][]
 []


Underfull \hbox (badness 5563) in paragraph at lines 46--47
\OT1/ptm/m/n/10 The AWS har-ness can in-ject ad-di-tional dialect- and
 []

LaTeX Font Info:    Trying to load font information for OT1+phv on input line 55.
(D:\New folder\tex/latex/psnfss\ot1phv.fd
File: ot1phv.fd 2020/03/25 scalable font definitions for OT1/phv.
) [4]
Underfull \hbox (badness 10000) in paragraph at lines 74--75
\OT1/ptm/m/n/10 un-til a fix-point (\OT1/pcr/m/n/10 unquote_chain\OT1/ptm/m/n/10 ), then
 []


Underfull \hbox (badness 10000) in paragraph at lines 74--75
\OT1/ptm/m/n/10 train/evaluate a TF-IDF + logistic-regression pipeline
 []


Underfull \hbox (badness 10000) in paragraph at lines 74--75
\OT1/ptm/m/n/10 (\OT1/pcr/m/n/10 paper-defense-rfc-ml/ml_baseline.py\OT1/ptm/m/n/10 )
 []


Underfull \hbox (badness 4303) in paragraph at lines 74--75
\OT1/ptm/m/n/10 on 20 la-beled HTTP tem-plates. The pi-lot cor-pus is
 []


Underfull \hbox (badness 2142) in paragraph at lines 74--75
\OT1/pcr/m/n/10 ml-waf/data/attack.json \OT1/ptm/m/n/10 (10 attack-like re-quests:
 []


Underfull \hbox (badness 1817) in paragraph at lines 74--75
\OT1/pcr/m/n/10 benign.json \OT1/ptm/m/n/10 (10 generic be-nign re-quests); it is \OT1/ptm/m/it/10 not
 []

) (sections/experiments.tex
Underfull \hbox (badness 10000) in paragraph at lines 77--1
[]\OT1/ptm/m/n/10 The probe main-tains per-transform coun-ters
 []


Underfull \hbox (badness 10000) in paragraph at lines 77--1
\OT1/ptm/m/n/10 (\OT1/pcr/m/n/10 learned_encodings.json\OT1/ptm/m/n/10 ), sup-ports dry-run and
 []


Underfull \hbox (badness 10000) in paragraph at lines 7--8
\OT1/pcr/m/n/10 ml-waf-blocked-adv\OT1/ptm/m/n/10 , \OT1/pcr/m/n/10 ml-waf-multi-eval\OT1/ptm/m/n/10 , and
 []


Underfull \hbox (badness 7851) in paragraph at lines 7--8
\OT1/ptm/m/n/10 used in these fold-ers in-clude \OT1/pcr/m/n/10 requests>=2.28.0\OT1/ptm/m/n/10 ,
 []


Underfull \hbox (badness 10000) in paragraph at lines 7--8
\OT1/pcr/m/n/10 numpy>=1.24.0\OT1/ptm/m/n/10 , \OT1/pcr/m/n/10 scikit-learn>=1.3.0\OT1/ptm/m/n/10 , and
 []


Underfull \hbox (badness 10000) in paragraph at lines 7--8
\OT1/pcr/m/n/10 joblib>=1.3.0\OT1/ptm/m/n/10 . For the live run, we used
 []


Underfull \hbox (badness 1895) in paragraph at lines 14--15
\OT1/ptm/m/n/10 trans-forms, then sent GET re-quests to the WAF-
 []


Underfull \hbox (badness 10000) in paragraph at lines 18--19
\OT1/ptm/m/n/10 During au-dit-ing, we ob-served two sta-ble pat-terns:
 []


Underfull \hbox (badness 1412) in paragraph at lines 18--19
\OT1/ptm/m/n/10 gaps at high rates, while encoding-heavy fam-i-lies were
 []


Underfull \hbox (badness 10000) in paragraph at lines 24--25
[]\OT1/ptm/b/n/10 Attempt-level counts (RQ1):
 []


Underfull \hbox (badness 10000) in paragraph at lines 24--25
\OT1/pcr/m/n/10 variants_tested\OT1/ptm/m/n/10 , \OT1/pcr/m/n/10 gap\OT1/ptm/m/n/10 , and \OT1/pcr/m/n/10 defended
 []


Underfull \hbox (badness 10000) in paragraph at lines 24--25
\OT1/ptm/m/n/10 from \OT1/pcr/m/n/10 aws_probe_summary.json\OT1/ptm/m/n/10 , writ-ten by
 []


Underfull \hbox (badness 10000) in paragraph at lines 25--26
[]\OT1/ptm/b/n/10 Family-level gap rates (RQ2): $\OML/cmm/m/it/10 N[]$ \OT1/ptm/m/n/10 and
 []


Underfull \hbox (badness 10000) in paragraph at lines 25--26
[][]$ \OT1/ptm/m/n/10 re-com-puted from the trail-ing slice of
 []


Underfull \hbox (badness 7012) in paragraph at lines 26--27
[]\OT1/ptm/b/n/10 Surrogate pi-lot ac-cu-racy (RQ3): \OT1/ptm/m/n/10 test ac-cu-racy
 []


Underfull \hbox (badness 10000) in paragraph at lines 26--27
\OT1/ptm/m/n/10 from \OT1/pcr/m/n/10 defense_eval.json \OT1/ptm/m/n/10 (TF-IDF + lo-gis-tic
 []


Underfull \hbox (badness 6396) in paragraph at lines 26--27
\OT1/ptm/m/n/10 re-gres-sion on \OT1/pcr/m/n/10 ml-waf/data/attack.json \OT1/ptm/m/n/10 and
 []


Underfull \hbox (badness 10000) in paragraph at lines 32--33
[]\OT1/ptm/m/n/10 The archived last com-plete live run
 []


Underfull \hbox (badness 5908) in paragraph at lines 32--33
\OT1/ptm/m/n/10 (\OT1/pcr/m/n/10 aws_probe_summary.json\OT1/ptm/m/n/10 ) re-ports $\OML/cmm/m/it/10 N \OT1/cmr/m/n/10 = 5[]000$
 []


Underfull \hbox (badness 5756) in paragraph at lines 32--33
\OT1/cmr/m/n/10 2[]793$ \OT1/ptm/m/n/10 suc-cess-fully de-fended, and $\OT1/cmr/m/n/10 124$ \OT1/phv/m/n/10 other\OT1/ptm/m/n/10 /error, so
 []


Underfull \hbox (badness 1406) in paragraph at lines 32--33
\OT1/ptm/m/n/10 pol-icy con-fig-u-ra-tion fails to block 41.7% of the tested
 []


Underfull \hbox (badness 1803) in paragraph at lines 32--33
\OT1/ptm/m/n/10 dif-fer-ent trans-form la-bels, in-di-cat-ing con-cen-trated pol-icy
 []

[5]
Overfull \hbox (6.79999pt too wide) in paragraph at lines 65--66
 [][] 
 []


Underfull \hbox (badness 3907) in paragraph at lines 70--71
\OT1/ptm/m/it/10 spawn[]null[]byte \OT1/ptm/m/n/10 co-horts ex-pose near-complete cov-er-age
 []


Underfull \hbox (badness 1939) in paragraph at lines 70--71
\OT1/ptm/m/n/10 gaps ($[][] \OMS/cmsy/m/n/10 ^^Y \OT1/cmr/m/n/10 0\OML/cmm/m/it/10 :\OT1/cmr/m/n/10 99$\OT1/ptm/m/n/10 --$\OT1/cmr/m/n/10 1\OML/cmm/m/it/10 :\OT1/cmr/m/n/10 00$\OT1/ptm/m/n/10 ), mean-ing these fam-i-lies al-
 []


Underfull \hbox (badness 10000) in paragraph at lines 93--94
[]\OT1/ptm/m/n/10 Table [][]III[][] sum-ma-rizes the of-fline pi-lot. We used
 []


Underfull \hbox (badness 10000) in paragraph at lines 93--94
\OT1/pcr/m/n/10 paper-defense-rfc-ml/ml_baseline.py\OT1/ptm/m/n/10 : TF-
 []


Underfull \hbox (badness 3769) in paragraph at lines 93--94
\OT1/ptm/m/n/10 templates---10 from \OT1/pcr/m/n/10 attack.json \OT1/ptm/m/n/10 (SQLi, XSS, path
 []


Underfull \hbox (badness 1584) in paragraph at lines 93--94
\OT1/ptm/m/n/10 im-prove or re-duce sur-ro-gate performance---demonstrating
 []


Underfull \hbox (badness 2197) in paragraph at lines 93--94
\OT1/ptm/m/n/10 that single-pass RFC nor-mal-iza-tion is in-suf-fi-cient as a
 []

[6]) (sections/conclusion.tex
Underfull \hbox (badness 10000) in paragraph at lines 125--1
[]\OT1/ptm/m/n/10 Summaries can be re-gen-er-ated with scripts un-der
 []


Underfull \hbox (badness 10000) in paragraph at lines 125--1
\OT1/pcr/m/n/10 ml-waf-aws-test/paper-attack-evasion \OT1/ptm/m/n/10 and
 []


Underfull \hbox (badness 10000) in paragraph at lines 125--1
\OT1/pcr/m/n/10 ml-waf-aws-test/paper-defense-rfc-ml\OT1/ptm/m/n/10 . Some
 []


Underfull \hbox (badness 2600) in paragraph at lines 125--1
\OT1/ptm/m/n/10 Run-ning \OT1/pcr/m/n/10 run_probe.py \OT1/ptm/m/n/10 against a live end-point will
 []


Underfull \hbox (badness 1789) in paragraph at lines 3--4
[]\OT1/ptm/m/n/10 This work ad-vances a defense-oriented, measurement-
 []


Underfull \hbox (badness 10000) in paragraph at lines 6--7
[]\OT1/ptm/b/n/10 RQ1. \OT1/ptm/m/n/10 The archived last com-plete live run
 []

[7]
Underfull \hbox (badness 6725) in paragraph at lines 19--20
[]\OT1/ptm/b/n/10 Defense in depth. \OT1/ptm/m/n/10 Com-bine WAF teleme-try with
 []


Underfull \hbox (badness 10000) in paragraph at lines 35--36
[]\OT1/ptm/m/n/10 Pairing of-fen-sive gap logs with de-fen-sive rule
 []


Underfull \hbox (badness 3668) in paragraph at lines 35--36
\OT1/ptm/m/n/10 syn-the-sis tools al-ready sketched in the repos-i-tory
 []

) (sections/acknowledgment.tex (content/acknowledgment_text.tex)) (sections/references.tex (content/references_items.tex [8]))

** Conference Paper **
Before submitting the final camera ready copy, remember to:

 1. Manually equalize the lengths of two columns on the last page
 of your paper;

 2. Ensure that any PostScript and/or PDF output post-processing
 uses only Type 1 fonts and that every step in the generation
 process uses the appropriate paper size.

[9

] (main.aux)
 ***********
LaTeX2e <2025-11-01>
L3 programming layer <2025-12-24>
 ***********
Package rerunfilecheck Info: File `main.out' has not changed.
(rerunfilecheck)             Checksum: 49FBD24EA6F7F31D39F739A66AD5B528;9508.
 ) 
Here is how much of TeX's memory you used:
 11508 strings out of 467871
 176896 string characters out of 5433253
 611155 words of memory out of 5000000
 40110 multiletter control sequences out of 15000+600000
 674101 words of font info for 130 fonts, out of 8000000 for 9000
 1141 hyphenation exceptions out of 8191
 75i,17n,79p,1433b,596s stack positions out of 10000i,1000n,20000p,200000b,200000s
<D:/New folder/fonts/type1/public/amsfonts/cm/cmmi10.pfb><D:/New folder/fonts/type1/public/amsfonts/cm/cmmi6.pfb><D:/New folder/fonts/type1/public/amsfonts/cm/cmmi7.pfb><D:/New folder/fonts/type1/public/amsfonts/cm/cmmi8.pfb><D:/New folder/fonts/type1/public/amsfonts/cm/cmmi9.pfb><D:/New folder/fonts/type1/public/amsfonts/cm/cmr10.pfb><D:/New folder/fonts/type1/public/amsfonts/cm/cmr6.pfb><D:/New folder/fonts/type1/public/amsfonts/cm/cmr7.pfb><D:/New folder/fonts/type1/public/amsfonts/cm/cmr8.pfb><D:/New folder/fonts/type1/public/amsfonts/cm/cmr9.pfb><D:/New folder/fonts/type1/public/amsfonts/cm/cmsy10.pfb><D:/New folder/fonts/type1/public/amsfonts/cm/cmsy7.pfb><D:/New folder/fonts/type1/public/amsfonts/cm/cmsy8.pfb><D:/New folder/fonts/type1/public/amsfonts/cm/cmsy9.pfb><D:/New folder/fonts/type1/urw/courier/ucrb8a.pfb><D:/New folder/fonts/type1/urw/courier/ucrr8a.pfb><D:/New folder/fonts/type1/urw/helvetic/uhvr8a.pfb><D:/New folder/fonts/type1/urw/times/utmb8a.pfb><D:/New folder/fonts/type1/urw/times/utmbi8a.pfb><D:/New folder/fonts/type1/urw/times/utmr8a.pfb><D:/New folder/fonts/type1/urw/times/utmri8a.pfb>
Output written on main.pdf (9 pages, 321682 bytes).
PDF statistics:
 419 PDF objects out of 1000 (max. 8388607)
 86 named destinations out of 1000 (max. 500000)
 353 words of extra memory for PDF output out of 10000 (max. 10000000)

